// Vitest Snapshot v1, https://vitest.dev/guide/snapshot.html

exports[`AdminPageTitle > should render correctly 1`] = `
<div
  data-overlay-container="true"
>
  <div
    class="_root_6a3576 _root_61ca45 _hasScrollableParent_6a3576"
    role="toolbar"
  >
    <h3>
      <a
        aria-current="false"
        class="_root_8f1225 _root_56aed5 _backButton_61ca45 _onlyIcon_56aed5"
        data-variant="default"
        href="/admin"
        role="button"
        type="button"
      >
        <span
          class="_icon_56aed5"
        >
          <span
            class="_root_8d26a2"
          />
        </span>
      </a>
      My Page
    </h3>
  </div>
</div>
`;
