// Jest Snapshot v1, https://goo.gl/fbAQLP

exports[`Table should render 1`] = `
<div>
  <table
    class="root"
  >
    <thead>
      <tr>
        <td>
          Header 1
        </td>
        <td>
          Header 2
        </td>
        <td>
          Header 3
        </td>
      </tr>
    </thead>
    <tbody>
      <tr>
        <td>
          Content 1
        </td>
        <td>
          Content 2
        </td>
        <td>
          Content 3
        </td>
      </tr>
      <tr>
        <td>
          Content 1
        </td>
        <td>
          Content 2
        </td>
        <td>
          Content 3
        </td>
      </tr>
      <tr>
        <td>
          Content 1
        </td>
        <td>
          Content 2
        </td>
        <td>
          Content 3
        </td>
      </tr>
    </tbody>
  </table>
</div>
`;
