// Vitest Snapshot v1, https://vitest.dev/guide/snapshot.html

exports[`list/ListItem > should render a list item 1`] = `
<li
  class="_li_5a05a4"
>
  <div
    class="_mainSection_5a05a4"
  >
    Item
  </div>
</li>
`;
