// Jest Snapshot v1, https://goo.gl/fbAQLP

exports[`Stepper should render a stepper 1`] = `
<div>
  <div
    data-overlay-container="true"
  >
    <div
      class="root"
    >
      <button
        aria-label="Vorheriger Schritt"
        aria-selected="false"
        class="lotta-base-button variant__default lotta-button lotta-navigation-button small"
        disabled=""
        role="button"
        type="button"
      >
        <span
          class="lotta-button_icon"
        >
          <svg
            aria-hidden="true"
            class="MuiSvgIcon-root"
            focusable="false"
            viewBox="0 0 24 24"
          >
            <path
              d="M15.41 16.59L10.83 12l4.58-4.59L14 6l-6 6 6 6 1.41-1.41z"
            />
          </svg>
        </span>
        <span
          class="lotta-button_text"
        >
          vorheriges
        </span>
      </button>
      <div>
        1
         / 
        3
      </div>
      <button
        aria-label="Nächster Schritt"
        aria-selected="false"
        class="lotta-base-button variant__default lotta-button lotta-navigation-button small"
        role="button"
        type="button"
      >
        <span
          class="lotta-button_icon"
        >
          <svg
            aria-hidden="true"
            class="MuiSvgIcon-root"
            focusable="false"
            viewBox="0 0 24 24"
          >
            <path
              d="M8.59 16.59L13.17 12 8.59 7.41 10 6l6 6-6 6-1.41-1.41z"
            />
          </svg>
        </span>
        <span
          class="lotta-button_text"
        >
          nächstes
        </span>
      </button>
    </div>
  </div>
</div>
`;
