// Vitest Snapshot v1, https://vitest.dev/guide/snapshot.html

exports[`PillButton > renders correctly 1`] = `
<div
  data-overlay-container="true"
>
  <style
    data-hubert-css-variables-def="true"
  >
    :root {
    --lotta-primary-color: 255, 87, 34;
    --lotta-navigation-background-color: 51, 51, 51;
    --lotta-navigation-contrast-text-color: 234, 234, 234;
    --lotta-error-color: 255, 0, 0;
    --lotta-success-color: 10, 82, 37;
    --lotta-disabled-color: 97, 97, 97;
    --lotta-text-color: 33, 33, 33;
    --lotta-label-text-color: 158, 158, 158;
    --lotta-primary-contrast-text-color: 255, 255, 255;
    --lotta-box-background-color: 255, 255, 255;
    --lotta-page-background-color: 202, 205, 215;
    --lotta-divider-color: 224, 224, 224;
    --lotta-highlight-color: 224, 224, 224;
    --lotta-banner-background-color: 54, 123, 240;
    --lotta-accent-grey-color: 227, 227, 227;
    --lotta-spacing: 8px;
    --lotta-border-radius: 4px;
    --lotta-text-font-family: Muli;
    --lotta-title-font-family: 'Schoolbell', cursive;
}
  </style>
  <style
    data-hubert-global-styles="true"
  >
    
            * {
                box-sizing: border-box;
            }

            html,
            body {
                margin: 0;
                font-family: var(--lotta-text-font-family);
            }

            body {
                margin: 0 auto;

            }
            body::after {
                content: "";
                position: fixed;
                top: 0;
                height: 100vh; /* fix for mobile browser address bar appearing disappearing */
                left: 0;
                right: 0;
                z-index: -1;
                background-color: rgba(var(--lotta-page-background-color), 1);
                background-attachment: scroll;
                background-size: cover;
            }

            ul {
                padding: 0;
                margin: 0;
                list-style: none;
            }

            a {
                color: inherit;
                text-decoration: inherit;
            }

            figure {
                margin: 0;
            }

            h1,
            h2,
            h3,
            h4,
            h5,
            h6 {
                margin-block-start: 0;
                margin-block-end: calc(0.5 * var(--lotta-spacing));
                font-family: var(--lotta-title-font-family);
            }

            h1 {
                font-size: 2em;
            }
            h2 {
                font-size: 1.5em;
            }
            h3 {
                font-size: 1.25em;
            }
            h4 {
                font-size: 1.1em;
            }
            h5,
            h6 {
                font-size: 1em;
            }

            fieldset {
                border: none;
                padding: 0;
            }

            @media print {
              html, body {
                font-size: 8pt;
              }
            }
        
  </style>
  <button
    aria-current="false"
    class="_root_0977c5 _root_3de4f3 _root_6e7a63 _button_6e7a63 _onlyIcon_3de4f3"
    data-variant="default"
    role="button"
    type="button"
  >
    <span
      class="_icon_3de4f3"
    >
      <svg
        aria-hidden="true"
        class="_root_2ade80"
        data-testid="close-icon"
        focusable="false"
        viewBox="0 0 24 24"
        xmlns="http://www.w3.org/2000/svg"
      >
        <path
          d="M19 6.41 17.59 5 12 10.59 6.41 5 5 6.41 10.59 12 5 17.59 6.41 19 12 13.41 17.59 19 19 17.59 13.41 12z"
        />
      </svg>
    </span>
    <span
      class="_label_3de4f3"
    >
      Button
    </span>
  </button>
</div>
`;
